// Jest Snapshot v1, https://goo.gl/fbAQLP

exports[`Posts Should render if posts===obj 1`] = `
<div>
  <button
    onClick={[Function]}
  >
    Add Post
  </button>
  <div>
    <div
      className="Backdrop"
      onClick={[Function]}
    />
    <div
      className="postDescription"
      style={
        Object {
          "top": "200px",
        }
      }
    >
      <h1 />
      <h3 />
      <p />
      <button>
        Delete
      </button>
    </div>
  </div>
  <ul
    className="container main leftAlign posts"
  >
    <li>
      <div
        className="row"
      >
        <div
          className="col-md-1"
        >
          1
        </div>
        <div
          className="col-md-10"
          onClick={[Function]}
        >
          test post title
        </div>
        <button
          onClick={[Function]}
        >
          Delete
        </button>
      </div>
    </li>
    <li>
      <div
        className="row"
      >
        <div
          className="col-md-1"
        >
          2
        </div>
        <div
          className="col-md-10"
          onClick={[Function]}
        >
          test post title
        </div>
        <button
          onClick={[Function]}
        >
          Delete
        </button>
      </div>
    </li>
  </ul>
</div>
`;

exports[`Posts Should render if posts===undefined 1`] = `
<h1>
  No Posts Found.
</h1>
`;
